// Vitest Snapshot v1, https://vitest.dev/guide/snapshot.html

exports[`NavigationMenu > Snapshots > matches default snapshot 1`] = `
<nav
  aria-label="Main"
  class="navigationMenu__root"
  data-orientation="horizontal"
  data-testid="navigationmenu"
  dir="ltr"
>
  Test content
  <div
    class="navigationMenu__viewport-container"
  />
</nav>
`;
