// Vitest Snapshot v1, https://vitest.dev/guide/snapshot.html

exports[`ScrollArea > Snapshots > matches default snapshot 1`] = `
<div
  class="scroll-area__root"
  data-testid="scrollarea"
  dir="ltr"
  style="position: relative; --radix-scroll-area-corner-width: 0px; --radix-scroll-area-corner-height: 0px;"
>
  <style>
    [data-radix-scroll-area-viewport]{scrollbar-width:none;-ms-overflow-style:none;-webkit-overflow-scrolling:touch;}[data-radix-scroll-area-viewport]::-webkit-scrollbar{display:none}
  </style>
  <div
    class="scroll-area__viewport"
    data-radix-scroll-area-viewport=""
    style="overflow-x: hidden; overflow-y: scroll;"
  >
    <div
      style="min-width: 100%; display: table;"
    >
      Test content
    </div>
  </div>
</div>
`;
