// Vitest Snapshot v1, https://vitest.dev/guide/snapshot.html

exports[`Progress > Snapshots > matches default snapshot 1`] = `
<div
  aria-valuemax="100"
  aria-valuemin="0"
  class="progress__root progress__root--size-default progress__root--variant-default"
  data-max="100"
  data-state="indeterminate"
  data-testid="progress"
  role="progressbar"
>
  <div
    class="progress__indicator progress__indicator--variant-default"
    data-max="100"
    data-state="indeterminate"
    style="transform: translateX(-100%);"
  />
</div>
`;
