// Vitest Snapshot v1, https://vitest.dev/guide/snapshot.html

exports[`Table > Snapshots > matches default snapshot 1`] = `
<div
  class="table__container"
  data-testid="table"
>
  <table
    class="table__root"
  >
    Test content
  </table>
</div>
`;

exports[`Table > Snapshots > matches hover state snapshot 1`] = `
<div
  class="table__container"
  data-testid="table"
>
  <table
    class="table__root"
  >
    Test content
  </table>
</div>
`;

exports[`Table > Snapshots > matches selected state snapshot 1`] = `
<div
  class="table__container"
  data-testid="table"
>
  <table
    class="table__root"
  >
    Test content
  </table>
</div>
`;
