// Vitest Snapshot v1, https://vitest.dev/guide/snapshot.html

exports[`Alert > Snapshots > matches default snapshot 1`] = `
<div
  class="alert alert--default"
  data-testid="alert"
  role="alert"
>
  Test content
</div>
`;

exports[`Alert > Snapshots > matches hover state snapshot 1`] = `
<div
  class="alert alert--default"
  data-testid="alert"
  role="alert"
>
  Test content
</div>
`;
