// Vitest Snapshot v1, https://vitest.dev/guide/snapshot.html

exports[`ThemeToggle > Snapshots > matches default snapshot 1`] = `
<button
  aria-label="Toggle theme"
  class="theme-toggle"
  data-testid="themetoggle"
  title="Toggle theme"
>
  ğŸŒ™
</button>
`;
