// Vitest Snapshot v1, https://vitest.dev/guide/snapshot.html

exports[`Form > Snapshots > matches default snapshot 1`] = `
<form
  class="form form--variant-default form--size-default"
  data-testid="form"
>
  Test content
</form>
`;
