// Vitest Snapshot v1, https://vitest.dev/guide/snapshot.html

exports[`Skeleton > Snapshots > matches default snapshot 1`] = `
<div
  class="skeleton"
  data-testid="skeleton"
>
  Test content
</div>
`;
